
> product-web@0.0.1 test:e2e
> playwright test


Running 5 tests using 1 worker

  ✘  1 [chromium] › tests/customer-flow.spec.ts:4:1 › customer: каталог -> корзина -> заказ (13.9s)
  ✘  2 [chromium] › tests/login.spec.ts:4:1 › страница логина и вход customer (1.0m)
  ✘  3 [chromium] › tests/manager-admin.spec.ts:4:1 › manager: доступ к админке без управления пользователями (12.8s)
  ✘  4 [chromium] › tests/manager-admin.spec.ts:40:1 › admin: управление пользователями доступно (12.9s)
  ✓  5 [chromium] › tests/manager-admin.spec.ts:54:1 › customer: запрет на админ-страницы (2.5s)


  1) [chromium] › tests/customer-flow.spec.ts:4:1 › customer: каталог -> корзина -> заказ ──────────

    Error: [2mexpect([22m[31mlocator[39m[2m).[22mtoBeVisible[2m([22m[2m)[22m failed

    Locator: getByTestId('cart-page')
    Expected: visible
    Timeout: 10000ms
    Error: element(s) not found

    Call log:
    [2m  - Expect "toBeVisible" with timeout 10000ms[22m
    [2m  - waiting for getByTestId('cart-page')[22m


      16 |
      17 |   await page.goto('/cart');
    > 18 |   await expect(page.getByTestId('cart-page')).toBeVisible();
         |                                               ^
      19 |   await expect(page.getByTestId('go-catalog-empty-cart')).toBeVisible();
      20 |   await saveScreenshot(page, '03a-cart-empty-state.png');
      21 |
        at /Users/danilabelakov/Documents/diplomas/diplomas-2026/gavrilov-retail-store/product-web/tests/customer-flow.spec.ts:18:47

    Error Context: test-results/customer-flow-customer-каталог---корзина---заказ-chromium/error-context.md

  2) [chromium] › tests/login.spec.ts:4:1 › страница логина и вход customer ────────────────────────

    [31mTest timeout of 60000ms exceeded.[39m

    Error: locator.click: Test timeout of 60000ms exceeded.
    Call log:
    [2m  - waiting for getByTestId('register-submit')[22m
    [2m    - locator resolved to <button type="submit" data-testid="register-submit" class="inline-flex items-center justify-center gap-2 whitespace-nowrap rounded-md text-sm font-semibold transition focus-visible:outline-none focus-visible:ring-2 focus-visible:ring-ring disabled:pointer-events-none disabled:opacity-50 bg-primary text-primary-foreground shadow-soft hover:opacity-95 h-10 px-4 w-full">Зарегистрироваться</button>[22m
    [2m  - attempting click action[22m
    [2m    2 × waiting for element to be visible, enabled and stable[22m
    [2m      - element is visible, enabled and stable[22m
    [2m      - scrolling into view if needed[22m
    [2m      - done scrolling[22m
    [2m      - <div class="relative flex items-center justify-between gap-3 bg-primary px-3 py-3 text-primary-foreground">…</div> from <div data-testid="assistant-widget" class="fixed bottom-4 right-4 z-50 w-[340px] max-w-[calc(100vw-2rem)]">…</div> subtree intercepts pointer events[22m
    [2m    - retrying click action[22m
    [2m    - waiting 20ms[22m
    [2m    2 × waiting for element to be visible, enabled and stable[22m
    [2m      - element is visible, enabled and stable[22m
    [2m      - scrolling into view if needed[22m
    [2m      - done scrolling[22m
    [2m      - <div class="relative flex items-center justify-between gap-3 bg-primary px-3 py-3 text-primary-foreground">…</div> from <div data-testid="assistant-widget" class="fixed bottom-4 right-4 z-50 w-[340px] max-w-[calc(100vw-2rem)]">…</div> subtree intercepts pointer events[22m
    [2m    - retrying click action[22m
    [2m      - waiting 100ms[22m
    [2m    112 × waiting for element to be visible, enabled and stable[22m
    [2m        - element is visible, enabled and stable[22m
    [2m        - scrolling into view if needed[22m
    [2m        - done scrolling[22m
    [2m        - <div class="relative flex items-center justify-between gap-3 bg-primary px-3 py-3 text-primary-foreground">…</div> from <div data-testid="assistant-widget" class="fixed bottom-4 right-4 z-50 w-[340px] max-w-[calc(100vw-2rem)]">…</div> subtree intercepts pointer events[22m
    [2m      - retrying click action[22m
    [2m        - waiting 500ms[22m


      18 |   await page.fill('input[type="password"]', 'password123');
      19 |   await page.locator('input[type="password"]').nth(1).fill('different123');
    > 20 |   await page.getByTestId('register-submit').click();
         |                                             ^
      21 |   await expect(page.locator('text=Пароли не совпадают')).toBeVisible();
      22 |   await saveScreenshot(page, '01b-register-validation-state.png');
      23 |
        at /Users/danilabelakov/Documents/diplomas/diplomas-2026/gavrilov-retail-store/product-web/tests/login.spec.ts:20:45

    Error Context: test-results/login-страница-логина-и-вход-customer-chromium/error-context.md

  3) [chromium] › tests/manager-admin.spec.ts:4:1 › manager: доступ к админке без управления пользователями 

    Error: [2mexpect([22m[31mlocator[39m[2m).[22mtoBeVisible[2m([22m[2m)[22m failed

    Locator: getByTestId('admin-products-page')
    Expected: visible
    Timeout: 10000ms
    Error: element(s) not found

    Call log:
    [2m  - Expect "toBeVisible" with timeout 10000ms[22m
    [2m  - waiting for getByTestId('admin-products-page')[22m


      12 |
      13 |   await page.goto('/admin/products');
    > 14 |   await expect(page.getByTestId('admin-products-page')).toBeVisible();
         |                                                         ^
      15 |
      16 |   const unique = Date.now();
      17 |   await page.getByTestId('product-sku-input').fill(`AUTO-${unique}`);
        at /Users/danilabelakov/Documents/diplomas/diplomas-2026/gavrilov-retail-store/product-web/tests/manager-admin.spec.ts:14:57

    Error Context: test-results/manager-admin-manager-дост-6de83-з-управления-пользователями-chromium/error-context.md

  4) [chromium] › tests/manager-admin.spec.ts:40:1 › admin: управление пользователями доступно ─────

    Error: [2mexpect([22m[31mlocator[39m[2m).[22mtoBeVisible[2m([22m[2m)[22m failed

    Locator: getByTestId('admin-pickup-points-page')
    Expected: visible
    Timeout: 10000ms
    Error: element(s) not found

    Call log:
    [2m  - Expect "toBeVisible" with timeout 10000ms[22m
    [2m  - waiting for getByTestId('admin-pickup-points-page')[22m


      48 |
      49 |   await page.goto('/admin/pickup-points');
    > 50 |   await expect(page.getByTestId('admin-pickup-points-page')).toBeVisible();
         |                                                              ^
      51 |   await saveScreenshot(page, '11-admin-pickup-points-page.png');
      52 | });
      53 |
        at /Users/danilabelakov/Documents/diplomas/diplomas-2026/gavrilov-retail-store/product-web/tests/manager-admin.spec.ts:50:62

    Error Context: test-results/manager-admin-admin-управление-пользователями-доступно-chromium/error-context.md

  4 failed
    [chromium] › tests/customer-flow.spec.ts:4:1 › customer: каталог -> корзина -> заказ ───────────
    [chromium] › tests/login.spec.ts:4:1 › страница логина и вход customer ─────────────────────────
    [chromium] › tests/manager-admin.spec.ts:4:1 › manager: доступ к админке без управления пользователями 
    [chromium] › tests/manager-admin.spec.ts:40:1 › admin: управление пользователями доступно ──────
  1 passed (2.0m)
